#-----------------------------------------------------------
# Vivado v2016.4 (64-bit)
# SW Build 1733598 on Wed Dec 14 22:35:39 MST 2016
# IP Build 1731160 on Wed Dec 14 23:47:21 MST 2016
# Start of session at: Mon Jul 10 15:16:47 2017
# Process ID: 9212
# Current directory: C:/Users/dell/Desktop/mys-xc7z020-trd.xpr/mys-xc7z020-trd
# Command line: vivado.exe -gui_launcher_event rodinguilauncherevent4712 C:\Users\dell\Desktop\mys-xc7z020-trd.xpr\mys-xc7z020-trd\mys-xc7z020-trd.xpr
# Log file: C:/Users/dell/Desktop/mys-xc7z020-trd.xpr/mys-xc7z020-trd/vivado.log
# Journal file: C:/Users/dell/Desktop/mys-xc7z020-trd.xpr/mys-xc7z020-trd\vivado.jou
#-----------------------------------------------------------
start_gui
open_project C:/Users/dell/Desktop/mys-xc7z020-trd.xpr/mys-xc7z020-trd/mys-xc7z020-trd.xpr
launch_sdk -workspace C:/Users/dell/Desktop/mys-xc7z020-trd.xpr/mys-xc7z020-trd/mys-xc7z020-trd.sdk -hwspec C:/Users/dell/Desktop/mys-xc7z020-trd.xpr/mys-xc7z020-trd/mys-xc7z020-trd.sdk/design_1_wrapper.hdf
open_bd_design {C:/Users/dell/Desktop/mys-xc7z020-trd.xpr/mys-xc7z020-trd/mys-xc7z020-trd.srcs/sources_1/bd/design_1/design_1.bd}
startgroup
create_bd_cell -type ip -vlnv xilinx.com:ip:xfft:9.0 xfft_0
endgroup
startgroup
set_property -dict [list CONFIG.input_width.VALUE_SRC USER] [get_bd_cells xfft_0]
set_property -dict [list CONFIG.transform_length {512} CONFIG.implementation_options {radix_2_burst_io} CONFIG.input_width {10} CONFIG.phase_factor_width {10} CONFIG.rounding_modes {convergent_rounding} CONFIG.throttle_scheme {realtime} CONFIG.output_ordering {bit_reversed_order} CONFIG.implementation_options {radix_2_burst_io} CONFIG.number_of_stages_using_block_ram_for_data_and_phase_factors {0}] [get_bd_cells xfft_0]
endgroup
set_property location {0.5 -239 1013} [get_bd_cells xfft_0]
